
[Incubating] Problems report is available at: file:///D:/AndroidStudioProjects/MusicShelf/build/reports/problems/problems-report.html
./gradlew : 
At line:1 char:1
+ ./gradlew clean 
assembleDebug > 
build_output.log 2>&1 
; cat build_out ...
+ ~~~~~~~~~~~~~~~~~~~~~
~~~~~~~~~~~~~~~~~~~~~~~
~~~~~~~~~
    + CategoryInfo     
         : 
NotSpecified:     
(:String) [], Remote   
 Exception
    + 
FullyQualifiedErro    
rId : NativeCommandE   
 rror
 
FAILURE: Build failed 
with an exception.

* What went wrong:
org.gradle.api.InvalidU
serDataException: 
Invalid TOML catalog 
definition:
  - Problem: In 
version catalog libs, 
parsing failed with 15 
errors.
    
    Reason: In file 'D:
\AndroidStudioProjects\
MusicShelf\gradle\libs.
versions.toml' at line 
21, column 1: kotlin 
previously defined at 
line 3, column 1
    In file 'D:\Android
StudioProjects\MusicShe
lf\gradle\libs.versions
.toml' at line 22, 
column 1: ksp 
previously defined at 
line 4, column 1
    In file 'D:\Android
StudioProjects\MusicShe
lf\gradle\libs.versions
.toml' at line 23, 
column 1: coreKtx 
previously defined at 
line 5, column 1
    In file 'D:\Android
StudioProjects\MusicShe
lf\gradle\libs.versions
.toml' at line 24, 
column 1: junit 
previously defined at 
line 6, column 1
    In file 'D:\Android
StudioProjects\MusicShe
lf\gradle\libs.versions
.toml' at line 25, 
column 1: junitVersion 
previously defined at 
line 7, column 1
    In file 'D:\Android
StudioProjects\MusicShe
lf\gradle\libs.versions
.toml' at line 26, 
column 1: espressoCore 
previously defined at 
line 8, column 1
    In file 'D:\Android
StudioProjects\MusicShe
lf\gradle\libs.versions
.toml' at line 27, 
column 1: 
lifecycleRuntimeKtx 
previously defined at 
line 9, column 1
    In file 'D:\Android
StudioProjects\MusicShe
lf\gradle\libs.versions
.toml' at line 29, 
column 1: 
activityCompose 
previously defined at 
line 10, column 1
    In file 'D:\Android
StudioProjects\MusicShe
lf\gradle\libs.versions
.toml' at line 30, 
column 1: composeBom 
previously defined at 
line 11, column 1
    In file 'D:\Android
StudioProjects\MusicShe
lf\gradle\libs.versions
.toml' at line 31, 
column 1: hilt 
previously defined at 
line 13, column 1
    In file 'D:\Android
StudioProjects\MusicShe
lf\gradle\libs.versions
.toml' at line 33, 
column 1: room 
previously defined at 
line 15, column 1
    In file 'D:\Android
StudioProjects\MusicShe
lf\gradle\libs.versions
.toml' at line 34, 
column 1: 
navigationCompose 
previously defined at 
line 14, column 1
    In file 'D:\Android
StudioProjects\MusicShe
lf\gradle\libs.versions
.toml' at line 35, 
column 1: coil 
previously defined at 
line 12, column 1
    In file 'D:\Android
StudioProjects\MusicShe
lf\gradle\libs.versions
.toml' at line 36, 
column 1: coroutines 
previously defined at 
line 16, column 1
    In file 'D:\Android
StudioProjects\MusicShe
lf\gradle\libs.versions
.toml' at line 37, 
column 1: gson 
previously defined at 
line 17, column 1.
    
    Possible solution: 
Fix the TOML file 
according to the 
syntax described at 
https://toml.io.
    
    For more 
information, please 
refer to https://docs.g
radle.org/8.13/userguid
e/version_catalog_probl
ems.html#toml_syntax_er
ror in the Gradle 
documentation.
> Invalid TOML catalog 
definition:
    - Problem: In 
version catalog libs, 
parsing failed with 15 
errors.
      
      Reason: In file '
D:\AndroidStudioProject
s\MusicShelf\gradle\lib
s.versions.toml' at 
line 21, column 1: 
kotlin previously 
defined at line 3, 
column 1
      In file 'D:\Andro
idStudioProjects\MusicS
helf\gradle\libs.versio
ns.toml' at line 22, 
column 1: ksp 
previously defined at 
line 4, column 1
      In file 'D:\Andro
idStudioProjects\MusicS
helf\gradle\libs.versio
ns.toml' at line 23, 
column 1: coreKtx 
previously defined at 
line 5, column 1
      In file 'D:\Andro
idStudioProjects\MusicS
helf\gradle\libs.versio
ns.toml' at line 24, 
column 1: junit 
previously defined at 
line 6, column 1
      In file 'D:\Andro
idStudioProjects\MusicS
helf\gradle\libs.versio
ns.toml' at line 25, 
column 1: junitVersion 
previously defined at 
line 7, column 1
      In file 'D:\Andro
idStudioProjects\MusicS
helf\gradle\libs.versio
ns.toml' at line 26, 
column 1: espressoCore 
previously defined at 
line 8, column 1
      In file 'D:\Andro
idStudioProjects\MusicS
helf\gradle\libs.versio
ns.toml' at line 27, 
column 1: 
lifecycleRuntimeKtx 
previously defined at 
line 9, column 1
      In file 'D:\Andro
idStudioProjects\MusicS
helf\gradle\libs.versio
ns.toml' at line 29, 
column 1: 
activityCompose 
previously defined at 
line 10, column 1
      In file 'D:\Andro
idStudioProjects\MusicS
helf\gradle\libs.versio
ns.toml' at line 30, 
column 1: composeBom 
previously defined at 
line 11, column 1
      In file 'D:\Andro
idStudioProjects\MusicS
helf\gradle\libs.versio
ns.toml' at line 31, 
column 1: hilt 
previously defined at 
line 13, column 1
      In file 'D:\Andro
idStudioProjects\MusicS
helf\gradle\libs.versio
ns.toml' at line 33, 
column 1: room 
previously defined at 
line 15, column 1
      In file 'D:\Andro
idStudioProjects\MusicS
helf\gradle\libs.versio
ns.toml' at line 34, 
column 1: 
navigationCompose 
previously defined at 
line 14, column 1
      In file 'D:\Andro
idStudioProjects\MusicS
helf\gradle\libs.versio
ns.toml' at line 35, 
column 1: coil 
previously defined at 
line 12, column 1
      In file 'D:\Andro
idStudioProjects\MusicS
helf\gradle\libs.versio
ns.toml' at line 36, 
column 1: coroutines 
previously defined at 
line 16, column 1
      In file 'D:\Andro
idStudioProjects\MusicS
helf\gradle\libs.versio
ns.toml' at line 37, 
column 1: gson 
previously defined at 
line 17, column 1.
      
      Possible 
solution: Fix the TOML 
file according to the 
syntax described at 
https://toml.io.
      
      For more 
information, please 
refer to https://docs.g
radle.org/8.13/userguid
e/version_catalog_probl
ems.html#toml_syntax_er
ror in the Gradle 
documentation.

* Try:
> Run with 
--stacktrace option to 
get the stack trace.
> Run with --info or 
--debug option to get 
more log output.
> Run with --scan to 
get full insights.
> Get more help at http
s://help.gradle.org.

BUILD FAILED in 1s
