> Task :app:preBuild UP-TO-DATE
> Task :app:preDebugBuild UP-TO-DATE
> Task :app:mergeDebugNativeDebugMetadata NO-SOURCE
> Task :app:checkKotlinGradlePluginConfigurationErrors SKIPPED
> Task :app:generateDebugBuildConfig UP-TO-DATE
> Task :app:extractDebugProto UP-TO-DATE
> Task :app:extractIncludeDebugProto UP-TO-DATE
> Task :app:extractProto UP-TO-DATE
> Task :app:generateDebugProto UP-TO-DATE
> Task :app:checkDebugAarMetadata UP-TO-DATE
> Task :app:processDebugNavigationResources UP-TO-DATE
> Task :app:compileDebugNavigationResources UP-TO-DATE
> Task :app:generateDebugResValues UP-TO-DATE
> Task :app:mapDebugSourceSetPaths UP-TO-DATE
> Task :app:generateDebugResources UP-TO-DATE
> Task :app:mergeDebugResources UP-TO-DATE
> Task :app:packageDebugResources UP-TO-DATE
> Task :app:parseDebugLocalResources UP-TO-DATE
> Task :app:createDebugCompatibleScreenManifests UP-TO-DATE
> Task :app:extractDeepLinksDebug UP-TO-DATE
> Task :app:processDebugMainManifest UP-TO-DATE
> Task :app:processDebugManifest UP-TO-DATE
> Task :app:processDebugManifestForPackage UP-TO-DATE
> Task :app:processDebugResources UP-TO-DATE
> Task :app:javaPreCompileDebug UP-TO-DATE
> Task :app:mergeDebugShaders UP-TO-DATE
> Task :app:compileDebugShaders NO-SOURCE
> Task :app:generateDebugAssets UP-TO-DATE
> Task :app:mergeDebugAssets UP-TO-DATE
> Task :app:compressDebugAssets UP-TO-DATE
> Task :app:checkDebugDuplicateClasses UP-TO-DATE
> Task :app:desugarDebugFileDependencies UP-TO-DATE
> Task :app:mergeExtDexDebug UP-TO-DATE
> Task :app:mergeDebugJniLibFolders
> Task :app:mergeLibDexDebug
> Task :app:validateSigningDebug
> Task :app:writeDebugAppMetadata
> Task :app:writeDebugSigningConfigVersions
> Task :app:mergeDebugNativeLibs

> Task :app:stripDebugDebugSymbols
Unable to strip the following libraries, packaging them as they are: libandroidx.graphics.path.so, libdatastore_shared_counter.so, libink.so. Run with --info option to learn more.

> Task :app:kspDebugKotlin FAILED
./gradlew : e: [ksp] 
InjectProcessingStep 
was unable to process '
UserPreferencesReposito
ryImpl(androidx.datasto
re.core.DataStore<error
.NonExistentClass>)' 
because 'error.NonExist
entClass' could not be 
resolved.
At line:1 char:1
+ ./gradlew 
assembleDebug 
--console=plain > 
build_errors.log 2>&1 
; cat ...
+ ~~~~~~~~~~~~~~~~~~~~~
~~~~~~~~~~~~~~~~~~~~~~~
~~~~~~~~~~~~~~~~~~~
    + CategoryInfo     
         : NotSpecifi  
  ed: (e: [ksp] Inje   
 ct...ot be resolve    
d.:String) [], Rem    
oteException
    + FullyQualifiedEr 
   rorId : NativeComm  
  andError
 

Dependency trace:
    => element 
(CLASS): com.example.mu
sicshelf.data.repositor
y.UserPreferencesReposi
toryImpl
    => element 
(CONSTRUCTOR): UserPref
erencesRepositoryImpl(a
ndroidx.datastore.core.
DataStore<error.NonExis
tentClass>)
    => type 
(EXECUTABLE 
constructor): (androidx
.datastore.core.DataSto
re<error.NonExistentCla
ss>)void
    => type (DECLARED 
parameter type): androi
dx.datastore.core.DataS
tore<error.NonExistentC
lass>
    => type (ERROR 
type argument): 
error.NonExistentClass

If type 'error.NonExist
entClass' is a 
generated type, check 
above for compilation 
errors that may have 
prevented the type 
from being generated. 
Otherwise, ensure that 
type 'error.NonExistent
Class' is on your 
classpath.
e: [ksp] 
ModuleProcessingStep 
was unable to process '
com.example.musicshelf.
di.DatabaseModule' 
because 'error.NonExist
entClass' could not be 
resolved.

Dependency trace:
    => element 
(OBJECT): com.example.m
usicshelf.di.DatabaseMo
dule
    => element 
(METHOD): provideUserPr
eferencesDataStore(andr
oid.content.Context)
    => type (DECLARED 
return type): androidx.
datastore.core.DataStor
e<error.NonExistentClas
s>
    => type (ERROR 
type argument): 
error.NonExistentClass

If type 'error.NonExist
entClass' is a 
generated type, check 
above for compilation 
errors that may have 
prevented the type 
from being generated. 
Otherwise, ensure that 
type 'error.NonExistent
Class' is on your 
classpath.
e: [ksp] 
ModuleProcessingStep 
was unable to process '
com.example.musicshelf.
di.RepositoryModule' 
because 'error.NonExist
entClass' could not be 
resolved.

Dependency trace:
    => element 
(CLASS): com.example.mu
sicshelf.di.RepositoryM
odule
    => element 
(METHOD): bindUserPrefe
rencesRepository(error.
NonExistentClass)
    => type (ERROR 
return type): 
error.NonExistentClass

If type 'error.NonExist
entClass' is a 
generated type, check 
above for compilation 
errors that may have 
prevented the type 
from being generated. 
Otherwise, ensure that 
type 'error.NonExistent
Class' is on your 
classpath.
e: [ksp] BindingMethodP
rocessingStep was 
unable to process 'prov
ideDatabase(android.con
tent.Context)' because 
'error.NonExistentClass
' could not be 
resolved.

Dependency trace:
    => element 
(OBJECT): com.example.m
usicshelf.di.DatabaseMo
dule
    => element 
(METHOD): provideUserPr
eferencesDataStore(andr
oid.content.Context)
    => type (DECLARED 
return type): androidx.
datastore.core.DataStor
e<error.NonExistentClas
s>
    => type (ERROR 
type argument): 
error.NonExistentClass

If type 'error.NonExist
entClass' is a 
generated type, check 
above for compilation 
errors that may have 
prevented the type 
from being generated. 
Otherwise, ensure that 
type 'error.NonExistent
Class' is on your 
classpath.
e: [ksp] BindingMethodP
rocessingStep was 
unable to process 'prov
idePlaylistDao(com.exam
ple.musicshelf.data.loc
al.MusicShelfDatabase)'
 because 'error.NonExis
tentClass' could not 
be resolved.

Dependency trace:
    => element 
(OBJECT): com.example.m
usicshelf.di.DatabaseMo
dule
    => element 
(METHOD): provideUserPr
eferencesDataStore(andr
oid.content.Context)
    => type (DECLARED 
return type): androidx.
datastore.core.DataStor
e<error.NonExistentClas
s>
    => type (ERROR 
type argument): 
error.NonExistentClass

If type 'error.NonExist
entClass' is a 
generated type, check 
above for compilation 
errors that may have 
prevented the type 
from being generated. 
Otherwise, ensure that 
type 'error.NonExistent
Class' is on your 
classpath.
e: [ksp] BindingMethodP
rocessingStep was 
unable to process 'prov
ideTrackDao(com.example
.musicshelf.data.local.
MusicShelfDatabase)' 
because 'error.NonExist
entClass' could not be 
resolved.

Dependency trace:
    => element 
(OBJECT): com.example.m
usicshelf.di.DatabaseMo
dule
    => element 
(METHOD): provideUserPr
eferencesDataStore(andr
oid.content.Context)
    => type (DECLARED 
return type): androidx.
datastore.core.DataStor
e<error.NonExistentClas
s>
    => type (ERROR 
type argument): 
error.NonExistentClass

If type 'error.NonExist
entClass' is a 
generated type, check 
above for compilation 
errors that may have 
prevented the type 
from being generated. 
Otherwise, ensure that 
type 'error.NonExistent
Class' is on your 
classpath.
e: [ksp] BindingMethodP
rocessingStep was 
unable to process 'prov
ideMoodTagDao(com.examp
le.musicshelf.data.loca
l.MusicShelfDatabase)' 
because 'error.NonExist
entClass' could not be 
resolved.

Dependency trace:
    => element 
(OBJECT): com.example.m
usicshelf.di.DatabaseMo
dule
    => element 
(METHOD): provideUserPr
eferencesDataStore(andr
oid.content.Context)
    => type (DECLARED 
return type): androidx.
datastore.core.DataStor
e<error.NonExistentClas
s>
    => type (ERROR 
type argument): 
error.NonExistentClass

If type 'error.NonExist
entClass' is a 
generated type, check 
above for compilation 
errors that may have 
prevented the type 
from being generated. 
Otherwise, ensure that 
type 'error.NonExistent
Class' is on your 
classpath.
e: [ksp] BindingMethodP
rocessingStep was 
unable to process 'prov
ideUserPreferencesDataS
tore(android.content.Co
ntext)' because 'error.
NonExistentClass' 
could not be resolved.

Dependency trace:
    => element 
(OBJECT): com.example.m
usicshelf.di.DatabaseMo
dule
    => element 
(METHOD): provideUserPr
eferencesDataStore(andr
oid.content.Context)
    => type (DECLARED 
return type): androidx.
datastore.core.DataStor
e<error.NonExistentClas
s>
    => type (ERROR 
type argument): 
error.NonExistentClass

If type 'error.NonExist
entClass' is a 
generated type, check 
above for compilation 
errors that may have 
prevented the type 
from being generated. 
Otherwise, ensure that 
type 'error.NonExistent
Class' is on your 
classpath.
e: [ksp] BindingMethodP
rocessingStep was 
unable to process 'bind
PlaylistRepository(com.
example.musicshelf.data
.repository.PlaylistRep
ositoryImpl)' because '
error.NonExistentClass'
 could not be resolved.

Dependency trace:
    => element 
(CLASS): com.example.mu
sicshelf.di.RepositoryM
odule
    => element 
(METHOD): bindUserPrefe
rencesRepository(error.
NonExistentClass)
    => type (ERROR 
return type): 
error.NonExistentClass

If type 'error.NonExist
entClass' is a 
generated type, check 
above for compilation 
errors that may have 
prevented the type 
from being generated. 
Otherwise, ensure that 
type 'error.NonExistent
Class' is on your 
classpath.
e: [ksp] BindingMethodP
rocessingStep was 
unable to process 'bind
TrackRepository(com.exa
mple.musicshelf.data.re
pository.TrackRepositor
yImpl)' because 'error.
NonExistentClass' 
could not be resolved.

Dependency trace:
    => element 
(CLASS): com.example.mu
sicshelf.di.RepositoryM
odule
    => element 
(METHOD): bindUserPrefe
rencesRepository(error.
NonExistentClass)
    => type (ERROR 
return type): 
error.NonExistentClass

If type 'error.NonExist
entClass' is a 
generated type, check 
above for compilation 
errors that may have 
prevented the type 
from being generated. 
Otherwise, ensure that 
type 'error.NonExistent
Class' is on your 
classpath.
e: [ksp] BindingMethodP
rocessingStep was 
unable to process 'bind
UserPreferencesReposito
ry(error.NonExistentCla
ss)' because 'error.Non
ExistentClass' could 
not be resolved.

Dependency trace:
    => element 
(CLASS): com.example.mu
sicshelf.di.RepositoryM
odule
    => element 
(METHOD): bindUserPrefe
rencesRepository(error.
NonExistentClass)
    => type (ERROR 
return type): 
error.NonExistentClass

If type 'error.NonExist
entClass' is a 
generated type, check 
above for compilation 
errors that may have 
prevented the type 
from being generated. 
Otherwise, ensure that 
type 'error.NonExistent
Class' is on your 
classpath.
e: Error occurred in 
KSP, check log for 
detail
e: file:///D:/AndroidSt
udioProjects/MusicShelf
/app/src/main/java/com/
example/musicshelf/ui/h
ome/HomeScreen.kt:172:1
4 Expecting ')'
e: file:///D:/AndroidSt
udioProjects/MusicShelf
/app/src/main/java/com/
example/musicshelf/ui/h
ome/HomeScreen.kt:175:2
 Expecting '}'

FAILURE: Build failed 
with an exception.

* What went wrong:
Execution failed for 
task 
':app:kspDebugKotlin'.
> A failure occurred 
while executing org.jet
brains.kotlin.compilerR
unner.GradleCompilerRun
nerWithWorkers$GradleKo
tlinCompilerWorkAction
   > Compilation 
error. See log for 
more details

* Try:
> Run with 
--stacktrace option to 
get the stack trace.
> Run with --info or 
--debug option to get 
more log output.
> Run with --scan to 
get full insights.
> Get more help at http
s://help.gradle.org.

BUILD FAILED in 10s
35 actionable tasks: 8 executed, 27 up-to-date
